[crowdytheme.com/wp/arolax/it-consultancy-agency/index.html]
[crowdytheme.com/wp/arolax/it-consultancy-agency/xmlrpc.php]
[backblue.gif]
[fade.gif]
[index.html]
[crowdytheme.com/wp/arolax/it-consultancy-agency/wp-content/plugins/animation-addons-for-elementor/assets/css/wcf-addonsb6a4.css]
[crowdytheme.com/wp/arolax/it-consultancy-agency/comments/feed/index.html]
[crowdytheme.com/wp/arolax/it-consultancy-agency/wp-content/plugins/extension-for-animation-addons/assets/css/magnific-popupb6a4.css]
[crowdytheme.com/wp/arolax/it-consultancy-agency/feed/index.html]
[crowdytheme.com/wp/arolax/it-consultancy-agency/wp-content/plugins/extension-for-animation-addons/assets/css/wcf-addons-exb6a4.css]
[crowdytheme.com/wp/arolax/it-consultancy-agency/wp-content/plugins/wcf-addons-pro/assets/css/wcf-addons-prob6a4.css]
[crowdytheme.com/wp/arolax/it-consultancy-agency/wp-content/themes/arolax/assets/css/meanmenu.min77ae.css]
[crowdytheme.com/wp/arolax/it-consultancy-agency/wp-content/themes/arolax/assets/css/bootstrap.min77ae.css]
[crowdytheme.com/wp/arolax/it-consultancy-agency/wp-content/themes/arolax/assets/css/master77ae.css]
[crowdytheme.com/wp/arolax/it-consultancy-agency/wp-content/plugins/arolax-essential/assets/fonts/oak-suns/OakSans-Light.ttf]
[crowdytheme.com/wp/arolax/it-consultancy-agency/wp-content/plugins/arolax-essential/assets/fonts/oak-suns/OakSans-Regular.ttf]
[crowdytheme.com/wp/arolax/it-consultancy-agency/wp-content/plugins/arolax-essential/assets/fonts/oak-suns/OakSans-Medium.ttf]
[crowdytheme.com/wp/arolax/it-consultancy-agency/wp-content/plugins/arolax-essential/assets/fonts/oak-suns/OakSans-SemiBold.ttf]
[crowdytheme.com/wp/arolax/it-consultancy-agency/wp-content/plugins/arolax-essential/assets/fonts/oak-suns/OakSans-Bold.ttf]
[crowdytheme.com/wp/arolax/it-consultancy-agency/wp-content/uploads/sites/61/2024/08/Tropiline-Regular.ttf]
[crowdytheme.com/wp/arolax/it-consultancy-agency/wp-content/uploads/sites/61/2024/08/Tropiline-SemiBold.ttf]
[crowdytheme.com/wp/arolax/it-consultancy-agency/wp-content/uploads/sites/61/2024/08/Tropiline-Bold.ttf]
[crowdytheme.com/wp/arolax/it-consultancy-agency/wp-content/themes/arolax/assets/css/custom-icons.min77ae.css]
[crowdytheme.com/wp/arolax/it-consultancy-agency/wp-content/uploads/sites/61/elementor/css/custom-frontend-lite.minba50.css]
[crowdytheme.com/wp/arolax/it-consultancy-agency/wp-content/plugins/elementor/assets/lib/swiper/v8/css/swiper.min94a4.css]
[crowdytheme.com/wp/arolax/it-consultancy-agency/wp-content/uploads/sites/61/elementor/css/post-3ba50.css]
[crowdytheme.com/wp/arolax/it-consultancy-agency/wp-content/uploads/sites/61/elementor/css/globalfbba.css]
[crowdytheme.com/wp/arolax/it-consultancy-agency/wp-content/uploads/sites/61/elementor/css/post-5744c.css]
[crowdytheme.com/wp/arolax/it-consultancy-agency/wp-includes/js/jquery/jquery.minf43b.js]
[crowdytheme.com/wp/arolax/it-consultancy-agency/wp-includes/js/jquery/jquery-migrate.min5589.js]
[crowdytheme.com/wp/arolax/it-consultancy-agency/wp-json/wp/v2/pages/5.json]
[crowdytheme.com/wp/arolax/it-consultancy-agency/wp-json/index.html]
[crowdytheme.com/wp/arolax/it-consultancy-agency/xmlrpc0db0.php]
[crowdytheme.com/wp/arolax/it-consultancy-agency/wp-json/oembed/1.0/embedf5c4.json]
[crowdytheme.com/wp/arolax/it-consultancy-agency/wp-json/oembed/1.0/embedb6ff]
[crowdytheme.com/wp/arolax/it-consultancy-agency/wp-content/uploads/sites/61/2024/08/fav-icon1.png]
[crowdytheme.com/wp/arolax/it-consultancy-agency/wp-content/plugins/elementor/assets/images/placeholder.png]
[crowdytheme.com/wp/arolax/it-consultancy-agency/wp-content/uploads/sites/61/2024/05/Logo_IT.png]
[crowdytheme.com/wp/arolax/it-consultancy-agency/wp-content/uploads/sites/61/2024/04/floatingImag.svg]
[crowdytheme.com/wp/arolax/it-consultancy-agency/wp-content/uploads/sites/61/2024/04/banner-right.webp]
[crowdytheme.com/wp/arolax/it-consultancy-agency/wp-content/uploads/sites/61/2024/05/img-r-2.webp]
[crowdytheme.com/wp/arolax/it-consultancy-agency/about-style-01/index.html]
[crowdytheme.com/wp/arolax/it-consultancy-agency/about-style-02/index.html]
[crowdytheme.com/wp/arolax/it-consultancy-agency/wp-content/uploads/sites/61/2024/04/clientA.png]
[crowdytheme.com/wp/arolax/it-consultancy-agency/team-style-02/index.html]
[crowdytheme.com/wp/arolax/it-consultancy-agency/team-style-01/index.html]
[crowdytheme.com/wp/arolax/it-consultancy-agency/wp-content/uploads/sites/61/2024/04/client-01.webp]
[crowdytheme.com/wp/arolax/it-consultancy-agency/team-details/index.html]
[crowdytheme.com/wp/arolax/it-consultancy-agency/wp-content/uploads/sites/61/2024/04/client-02.webp]
[crowdytheme.com/wp/arolax/it-consultancy-agency/our-project/index.html]
[crowdytheme.com/wp/arolax/it-consultancy-agency/wp-content/uploads/sites/61/2024/04/client-03.webp]
[crowdytheme.com/wp/arolax/it-consultancy-agency/project-details/index.html]
[crowdytheme.com/wp/arolax/it-consultancy-agency/wp-content/uploads/sites/61/2024/04/client-05.webp]
[crowdytheme.com/wp/arolax/it-consultancy-agency/service-style-1/index.html]
[crowdytheme.com/wp/arolax/it-consultancy-agency/service-style-2/index.html]
[crowdytheme.com/wp/arolax/it-consultancy-agency/wp-content/uploads/sites/61/2024/04/client-06.webp]
[crowdytheme.com/wp/arolax/it-consultancy-agency/service-style-3/index.html]
[crowdytheme.com/wp/arolax/it-consultancy-agency/wp-content/uploads/sites/61/elementor/css/custom-widget-icon-box.min588c.css]
[crowdytheme.com/wp/arolax/it-consultancy-agency/service-style-5/index.html]
[crowdytheme.com/wp/arolax/it-consultancy-agency/service-style-4/index.html]
[crowdytheme.com/wp/arolax/it-consultancy-agency/wp-content/uploads/sites/61/2024/04/about-us.webp]
[crowdytheme.com/wp/arolax/it-consultancy-agency/service-style-6/index.html]
[crowdytheme.com/wp/arolax/it-consultancy-agency/service-details/index.html]
[crowdytheme.com/wp/arolax/it-consultancy-agency/wp-content/uploads/sites/61/2024/05/service-slide-2.webp]
[crowdytheme.com/wp/arolax/it-consultancy-agency/pricing-style-01/index.html]
[crowdytheme.com/wp/arolax/it-consultancy-agency/pricing-style-02/index.html]
[crowdytheme.com/wp/arolax/it-consultancy-agency/blog-page/index.html]
[crowdytheme.com/wp/arolax/it-consultancy-agency/wp-content/uploads/sites/61/2024/04/service-slideA.webp]
[crowdytheme.com/wp/arolax/it-consultancy-agency/how-to-create-your-purpose-filled-career-comfortable/index.html]
[crowdytheme.com/wp/arolax/it-consultancy-agency/wp-content/uploads/sites/61/2024/04/success.webp]
[crowdytheme.com/wp/arolax/it-consultancy-agency/binox-faq/index.html]
[crowdytheme.com/wp/arolax/it-consultancy-agency/wp-content/uploads/sites/61/elementor/css/custom-widget-icon-list.min588c.css]
[crowdytheme.com/wp/arolax/it-consultancy-agency/wcf-template/404-page-template/index.html]
[crowdytheme.com/wp/arolax/it-consultancy-agency/contact/index.html]
[crowdytheme.com/wp/arolax/it-consultancy-agency/wp-content/uploads/sites/61/2024/05/hununulu.webp]
[crowdytheme.com/wp/arolax/it-consultancy-agency/wp-content/uploads/sites/61/2024/04/step_01.png]
[crowdytheme.com/wp/arolax/it-consultancy-agency/wp-content/uploads/sites/61/2024/04/step_02.png]
[crowdytheme.com/wp/arolax/it-consultancy-agency/wp-content/uploads/sites/61/2024/05/hununulu-2.webp]
[crowdytheme.com/wp/arolax/it-consultancy-agency/wp-content/uploads/sites/61/2024/04/step_03.png]
[crowdytheme.com/wp/arolax/it-consultancy-agency/wp-content/uploads/sites/61/2024/04/step_04.png]
[crowdytheme.com/wp/arolax/it-consultancy-agency/wp-content/uploads/sites/61/2024/04/blog-01-300x208.webp]
[crowdytheme.com/wp/arolax/it-consultancy-agency/wp-content/uploads/sites/61/2024/04/blog-02-300x208.webp]
[crowdytheme.com/wp/arolax/it-consultancy-agency/wp-content/uploads/sites/61/2024/05/Logo_white.png]
[crowdytheme.com/wp/arolax/it-consultancy-agency/wp-content/uploads/sites/61/elementor/css/post-3080744c.css]
[crowdytheme.com/wp/arolax/it-consultancy-agency/category/business/index.html]
[crowdytheme.com/wp/arolax/it-consultancy-agency/wp-content/plugins/animation-addons-for-elementor/assets/css/widgets/buttonb6a4.css]
[crowdytheme.com/wp/arolax/it-consultancy-agency/wp-content/plugins/animation-addons-for-elementor/assets/css/widgets/counterb6a4.css]
[crowdytheme.com/wp/arolax/it-consultancy-agency/how-to-create-your-purpose-filled-career-comfortable-clothes-3/index.html]
[crowdytheme.com/wp/arolax/it-consultancy-agency/wp-content/plugins/arolax-essential/assets/css/service-sliderb6a4.css]
[crowdytheme.com/wp/arolax/it-consultancy-agency/wp-content/plugins/animation-addons-for-elementor/assets/css/widgets/postsb6a4.css]
[crowdytheme.com/wp/arolax/it-consultancy-agency/wp-content/uploads/sites/61/elementor/css/post-3084588c.css]
[crowdytheme.com/wp/arolax/it-consultancy-agency/wp-content/plugins/extension-for-animation-addons/assets/css/widgets/mailchimpb6a4.css]
[crowdytheme.com/wp/arolax/it-consultancy-agency/wp-content/plugins/animation-addons-for-elementor/assets/css/widgets/social-iconsb6a4.css]
[crowdytheme.com/wp/arolax/it-consultancy-agency/wp-content/plugins/arolax-essential/assets/js/wcf--global-core.minb6a4.js]
[crowdytheme.com/wp/arolax/it-consultancy-agency/wp-content/plugins/animation-addons-for-elementor/assets/js/wcf-addonsb6a4.js]
[crowdytheme.com/wp/arolax/it-consultancy-agency/wp-content/plugins/extension-for-animation-addons/assets/lib/gsap.minb6a4.js]
[crowdytheme.com/wp/arolax/it-consultancy-agency/wp-content/plugins/extension-for-animation-addons/assets/lib/ScrollSmoother.minb6a4.js]
[crowdytheme.com/wp/arolax/it-consultancy-agency/wp-content/plugins/extension-for-animation-addons/assets/lib/ScrollToPlugin.minb6a4.js]
[crowdytheme.com/wp/arolax/it-consultancy-agency/wp-content/plugins/extension-for-animation-addons/assets/lib/ScrollTrigger.minb6a4.js]
[crowdytheme.com/wp/arolax/it-consultancy-agency/wp-content/plugins/extension-for-animation-addons/assets/lib/SplitText.minb6a4.js]
[crowdytheme.com/wp/arolax/it-consultancy-agency/wp-content/plugins/extension-for-animation-addons/assets/lib/jquery.magnific-popup.minb6a4.js]
[crowdytheme.com/wp/arolax/it-consultancy-agency/wp-content/plugins/extension-for-animation-addons/assets/lib/mixitup.minb6a4.js]
[crowdytheme.com/wp/arolax/it-consultancy-agency/wp-content/plugins/extension-for-animation-addons/assets/js/wcf-addons-exb6a4.js]
[crowdytheme.com/wp/arolax/it-consultancy-agency/wp-content/plugins/wcf-addons-pro/assets/js/wcf-addons-prob6a4.js]
[crowdytheme.com/wp/arolax/it-consultancy-agency/wp-content/themes/arolax/assets/js/bootstrap.bundle.min77ae.js]
[crowdytheme.com/wp/arolax/it-consultancy-agency/wp-content/plugins/arolax-essential/assets/js/jquery.meanmenu.minb6a4.js]
[crowdytheme.com/wp/arolax/it-consultancy-agency/wp-content/themes/arolax/assets/js/script77ae.js]
[crowdytheme.com/wp/arolax/it-consultancy-agency/wp-content/plugins/animation-addons-for-elementor/assets/js/widgets/nav-menub6a4.js]
[crowdytheme.com/wp/arolax/it-consultancy-agency/wp-content/plugins/elementor/assets/lib/jquery-numerator/jquery-numerator.min3958.js]
[crowdytheme.com/wp/arolax/it-consultancy-agency/wp-content/plugins/animation-addons-for-elementor/assets/js/widgets/counterb6a4.js]
[crowdytheme.com/wp/arolax/it-consultancy-agency/wp-content/plugins/arolax-essential/assets/js/widgets/service-sliderb6a4.js]
[crowdytheme.com/wp/arolax/it-consultancy-agency/wp-content/plugins/extension-for-animation-addons/assets/js/mailchimpb6a4.js]
[crowdytheme.com/wp/arolax/it-consultancy-agency/wp-content/plugins/elementor/assets/js/webpack.runtime.mind5d5.js]
[crowdytheme.com/wp/arolax/it-consultancy-agency/wp-content/plugins/elementor/assets/js/frontend-modules.mind5d5.js]
[crowdytheme.com/wp/arolax/it-consultancy-agency/wp-content/plugins/elementor/assets/lib/waypoints/waypoints.min05da.js]
[crowdytheme.com/wp/arolax/it-consultancy-agency/wp-includes/js/jquery/ui/core.minb37e.js]
[crowdytheme.com/wp/arolax/it-consultancy-agency/index.html]
[crowdytheme.com/wp/arolax/it-consultancy-agency/xmlrpc.php]
[crowdytheme.com/wp/arolax/it-consultancy-agency/wp-content/plugins/animation-addons-for-elementor/assets/css/wcf-addonsb6a4.css]
[crowdytheme.com/wp/arolax/it-consultancy-agency/wp-content/plugins/extension-for-animation-addons/assets/css/magnific-popupb6a4.css]
[crowdytheme.com/wp/arolax/it-consultancy-agency/wp-content/plugins/extension-for-animation-addons/assets/css/wcf-addons-exb6a4.css]
[crowdytheme.com/wp/arolax/it-consultancy-agency/wp-content/plugins/wcf-addons-pro/assets/css/wcf-addons-prob6a4.css]
[crowdytheme.com/wp/arolax/it-consultancy-agency/wp-content/themes/arolax/assets/css/meanmenu.min77ae.css]
[crowdytheme.com/wp/arolax/it-consultancy-agency/wp-content/themes/arolax/assets/css/bootstrap.min77ae.css]
[crowdytheme.com/wp/arolax/it-consultancy-agency/wp-content/plugins/elementor/assets/js/frontend.mind5d5.js]
[crowdytheme.com/wp/arolax/it-consultancy-agency/wp-content/themes/arolax/assets/imgs/writer/go-top.png]
[crowdytheme.com/wp/arolax/it-consultancy-agency/wp-content/themes/arolax/assets/imgs/default-blog/bcrumb-bg.webp]
[crowdytheme.com/wp/arolax/it-consultancy-agency/wp-content/themes/arolax/assets/css/master77ae.css]
[crowdytheme.com/wp/arolax/it-consultancy-agency/wp-content/themes/arolax/assets/fonts/icomoon37f3.eot]
[crowdytheme.com/wp/arolax/it-consultancy-agency/wp-content/themes/arolax/assets/fonts/icomoon37f3.ttf]
[crowdytheme.com/wp/arolax/it-consultancy-agency/wp-content/themes/arolax/assets/fonts/icomoon37f3.woff]
[crowdytheme.com/wp/arolax/it-consultancy-agency/wp-content/themes/arolax/assets/fonts/icomoon37f3.svg]
[crowdytheme.com/wp/arolax/it-consultancy-agency/wp-content/themes/arolax/assets/css/custom-icons.min77ae.css]
[crowdytheme.com/wp/arolax/it-consultancy-agency/wp-content/uploads/sites/61/elementor/css/custom-frontend-lite.minba50.css]
[crowdytheme.com/wp/arolax/it-consultancy-agency/wp-content/plugins/elementor/assets/lib/swiper/v8/css/swiper.min94a4.css]
[crowdytheme.com/wp/arolax/it-consultancy-agency/wp-content/uploads/sites/61/elementor/css/post-3ba50.css]
[crowdytheme.com/wp/arolax/it-consultancy-agency/wp-content/uploads/sites/61/elementor/css/globalfbba.css]
[crowdytheme.com/wp/arolax/it-consultancy-agency/wp-content/uploads/sites/61/elementor/css/post-5744c.css]
[crowdytheme.com/wp/arolax/it-consultancy-agency/wp-includes/js/jquery/jquery.minf43b.js]
[crowdytheme.com/wp/arolax/it-consultancy-agency/wp-includes/js/jquery/jquery-migrate.min5589.js]
[crowdytheme.com/wp/arolax/it-consultancy-agency/wp-content/plugins/arolax-essential/assets/fonts/hk/hkgrotesk-Regular.otf]
[crowdytheme.com/wp/arolax/it-consultancy-agency/wp-content/plugins/arolax-essential/assets/fonts/hk/hkgrotesk-SemiBold.otf]
[crowdytheme.com/wp/arolax/it-consultancy-agency/wp-content/plugins/arolax-essential/assets/fonts/hk/hkgrotesk-Bold.otf]
[crowdytheme.com/wp/arolax/it-consultancy-agency/wp-content/uploads/sites/61/elementor/css/post-2434f055.css]
[crowdytheme.com/wp/arolax/it-consultancy-agency/wp-json/wp/v2/pages/2434.json]
[crowdytheme.com/wp/arolax/it-consultancy-agency/wp-json/oembed/1.0/embedbbc1.json]
[crowdytheme.com/wp/arolax/it-consultancy-agency/wp-json/oembed/1.0/embed081e]
[crowdytheme.com/wp/arolax/it-consultancy-agency/wp-content/uploads/sites/61/2024/05/about1-img-1.webp]
[crowdytheme.com/wp/arolax/it-consultancy-agency/wp-content/uploads/sites/61/2024/05/about-img-2.webp]
[crowdytheme.com/wp/arolax/it-consultancy-agency/wp-content/uploads/sites/61/2024/05/about-div-img.webp]
[crowdytheme.com/wp/arolax/it-consultancy-agency/wp-content/uploads/sites/61/2024/04/awards-logo-light.webp]
[crowdytheme.com/wp/arolax/it-consultancy-agency/wp-content/uploads/sites/61/2024/05/team-1.webp]
[crowdytheme.com/wp/arolax/it-consultancy-agency/wp-content/uploads/sites/61/2024/05/team-2.webp]
[crowdytheme.com/wp/arolax/it-consultancy-agency/wp-content/uploads/sites/61/2024/05/team-3.webp]
[crowdytheme.com/wp/arolax/it-consultancy-agency/wp-content/uploads/sites/61/2024/05/team-4.webp]
[crowdytheme.com/wp/arolax/it-consultancy-agency/wp-content/uploads/sites/61/2024/05/testimonials-img_1.webp]
[crowdytheme.com/wp/arolax/it-consultancy-agency/wp-content/uploads/sites/61/2024/05/testimonials-img_2.webp]
[crowdytheme.com/wp/arolax/it-consultancy-agency/wp-content/uploads/sites/61/2024/05/testimonials-img_4.webp]
[crowdytheme.com/wp/arolax/it-consultancy-agency/wp-content/uploads/sites/61/2024/04/next.png]
[crowdytheme.com/wp/arolax/it-consultancy-agency/wp-content/uploads/sites/61/2024/04/pilot.png]
[crowdytheme.com/wp/arolax/it-consultancy-agency/wp-content/uploads/sites/61/2024/04/Exclude-150x39.png]
[crowdytheme.com/wp/arolax/it-consultancy-agency/wp-content/plugins/animation-addons-for-elementor/assets/css/widgets/testimonial2b6a4.css]
[crowdytheme.com/wp/arolax/it-consultancy-agency/about-style-01/index.html]
[crowdytheme.com/wp/arolax/it-consultancy-agency/wp-content/plugins/animation-addons-for-elementor/assets/js/widgets/sliderb6a4.js]
[crowdytheme.com/wp/arolax/it-consultancy-agency/wp-content/uploads/sites/61/elementor/css/post-379556e1.css]
[crowdytheme.com/wp/arolax/it-consultancy-agency/wp-json/wp/v2/pages/3795.json]
[crowdytheme.com/wp/arolax/it-consultancy-agency/wp-json/oembed/1.0/embed2024.json]
[crowdytheme.com/wp/arolax/it-consultancy-agency/wp-json/oembed/1.0/embedad2c]
[crowdytheme.com/wp/arolax/it-consultancy-agency/wp-content/uploads/sites/61/2024/05/hero-img-1.webp]
[crowdytheme.com/wp/arolax/it-consultancy-agency/wp-content/uploads/sites/61/2024/04/design-shape.webp]
[crowdytheme.com/wp/arolax/it-consultancy-agency/wp-content/uploads/sites/61/2024/04/img-r-14.webp]
[crowdytheme.com/wp/arolax/it-consultancy-agency/wp-content/uploads/sites/61/2024/04/quote.png]
[crowdytheme.com/wp/arolax/it-consultancy-agency/wp-content/plugins/animation-addons-for-elementor/assets/css/widgets/testimonialb6a4.css]
[crowdytheme.com/wp/arolax/it-consultancy-agency/about-style-02/index.html]
[crowdytheme.com/wp/arolax/it-consultancy-agency/wp-content/uploads/sites/61/elementor/css/post-256d618.css]
[crowdytheme.com/wp/arolax/it-consultancy-agency/wp-json/wp/v2/pages/256.json]
[crowdytheme.com/wp/arolax/it-consultancy-agency/wp-json/oembed/1.0/embedbf11.json]
[crowdytheme.com/wp/arolax/it-consultancy-agency/wp-json/oembed/1.0/embedf11a]
[crowdytheme.com/wp/arolax/it-consultancy-agency/wp-content/uploads/sites/61/2024/04/team-01.webp]
[crowdytheme.com/wp/arolax/it-consultancy-agency/wp-content/uploads/sites/61/2024/04/team-02.webp]
[crowdytheme.com/wp/arolax/it-consultancy-agency/wp-content/uploads/sites/61/2024/04/team-04.webp]
[crowdytheme.com/wp/arolax/it-consultancy-agency/wp-content/uploads/sites/61/2024/04/team-05.webp]
[crowdytheme.com/wp/arolax/it-consultancy-agency/wp-content/uploads/sites/61/2024/04/team-03.webp]
[crowdytheme.com/wp/arolax/it-consultancy-agency/wp-content/uploads/sites/61/2024/04/team-06.webp]
[crowdytheme.com/wp/arolax/it-consultancy-agency/wp-content/uploads/sites/61/2024/04/team-07.webp]
[crowdytheme.com/wp/arolax/it-consultancy-agency/wp-content/uploads/sites/61/2024/04/team-08.webp]
[crowdytheme.com/wp/arolax/it-consultancy-agency/wp-content/uploads/sites/61/2024/04/team-09.webp]
[crowdytheme.com/wp/arolax/it-consultancy-agency/wp-content/uploads/sites/61/2024/04/team-10.webp]
[crowdytheme.com/wp/arolax/it-consultancy-agency/team-style-01/index.html]
[crowdytheme.com/wp/arolax/it-consultancy-agency/wp-content/uploads/sites/61/elementor/css/post-18068291.css]
[crowdytheme.com/wp/arolax/it-consultancy-agency/wp-json/wp/v2/pages/1806.json]
[crowdytheme.com/wp/arolax/it-consultancy-agency/wp-json/oembed/1.0/embed9f5b.json]
[crowdytheme.com/wp/arolax/it-consultancy-agency/wp-json/oembed/1.0/embed2e1e]
[crowdytheme.com/wp/arolax/it-consultancy-agency/team-style-02/index.html]
[crowdytheme.com/wp/arolax/it-consultancy-agency/wp-content/uploads/sites/61/elementor/css/post-25198e79.css]
[crowdytheme.com/wp/arolax/it-consultancy-agency/wp-json/wp/v2/pages/2519.json]
[crowdytheme.com/wp/arolax/it-consultancy-agency/wp-json/oembed/1.0/embed695d.json]
[crowdytheme.com/wp/arolax/it-consultancy-agency/wp-json/oembed/1.0/embed6a36]
[crowdytheme.com/wp/arolax/it-consultancy-agency/wp-content/uploads/sites/61/2024/05/team-details-img.webp]
[crowdytheme.com/wp/arolax/it-consultancy-agency/wp-content/plugins/contact-form-7/includes/css/stylese2db.css]
[crowdytheme.com/wp/arolax/it-consultancy-agency/wp-includes/js/dist/hooks.min2757.js]
[crowdytheme.com/wp/arolax/it-consultancy-agency/wp-includes/js/dist/i18n.minc33c.js]
[crowdytheme.com/wp/arolax/it-consultancy-agency/wp-content/plugins/contact-form-7/includes/swv/js/indexe2db.js]
[crowdytheme.com/wp/arolax/it-consultancy-agency/wp-content/plugins/contact-form-7/includes/js/indexe2db.js]
[crowdytheme.com/wp/arolax/it-consultancy-agency/team-details/index.html]
[crowdytheme.com/wp/arolax/it-consultancy-agency/wp-content/uploads/sites/61/elementor/css/post-5128c5e6.css]
[crowdytheme.com/wp/arolax/it-consultancy-agency/wp-json/wp/v2/pages/5128.json]
[crowdytheme.com/wp/arolax/it-consultancy-agency/wp-json/oembed/1.0/embedb40f.json]
[crowdytheme.com/wp/arolax/it-consultancy-agency/wp-json/oembed/1.0/embed21ea]
[crowdytheme.com/wp/arolax/it-consultancy-agency/wp-content/uploads/sites/61/2024/05/project-img-1.webp]
[crowdytheme.com/wp/arolax/it-consultancy-agency/wp-content/uploads/sites/61/2024/05/project-img-2.webp]
[crowdytheme.com/wp/arolax/it-consultancy-agency/Project/graphic-design/index.html]
[crowdytheme.com/wp/arolax/it-consultancy-agency/Project/market-research/index.html]
[crowdytheme.com/wp/arolax/it-consultancy-agency/wp-content/uploads/sites/61/2024/05/project-img-3.webp]
[crowdytheme.com/wp/arolax/it-consultancy-agency/wp-content/uploads/sites/61/2024/05/project-img-4.webp]
[crowdytheme.com/wp/arolax/it-consultancy-agency/Project/market-strategy/index.html]
[crowdytheme.com/wp/arolax/it-consultancy-agency/wp-content/uploads/sites/61/2024/05/project-img-5.webp]
[crowdytheme.com/wp/arolax/it-consultancy-agency/wp-content/uploads/sites/61/2024/05/project-img-6.webp]
[crowdytheme.com/wp/arolax/it-consultancy-agency/Project/employment/index.html]
[crowdytheme.com/wp/arolax/it-consultancy-agency/wp-content/plugins/extension-for-animation-addons/assets/css/widgets/portfoliob6a4.css]
[crowdytheme.com/wp/arolax/it-consultancy-agency/Project/leadership/index.html]
[crowdytheme.com/wp/arolax/it-consultancy-agency/wp-content/plugins/extension-for-animation-addons/assets/js/portfoliob6a4.js]
[crowdytheme.com/wp/arolax/it-consultancy-agency/our-project/index.html]
[crowdytheme.com/wp/arolax/it-consultancy-agency/Project/strategy/index.html]
[crowdytheme.com/wp/arolax/it-consultancy-agency/wp-content/uploads/sites/61/elementor/css/post-3805ec1f.css]
[crowdytheme.com/wp/arolax/it-consultancy-agency/our-project/page/2/index.html]
[crowdytheme.com/wp/arolax/it-consultancy-agency/wp-json/wp/v2/pages/3805.json]
[crowdytheme.com/wp/arolax/it-consultancy-agency/wp-json/oembed/1.0/embed2fac.json]
[crowdytheme.com/wp/arolax/it-consultancy-agency/wp-json/oembed/1.0/embed9661]
[crowdytheme.com/wp/arolax/it-consultancy-agency/wp-content/uploads/sites/61/2024/04/sevices-details.webp]
[crowdytheme.com/wp/arolax/it-consultancy-agency/wp-content/uploads/sites/61/2024/04/project-details.webp]
[crowdytheme.com/wp/arolax/it-consultancy-agency/project-details/index.html]
[crowdytheme.com/wp/arolax/it-consultancy-agency/wp-content/plugins/animation-addons-for-elementor/assets/css/widgets/icon-boxb6a4.css]
[crowdytheme.com/wp/arolax/it-consultancy-agency/wp-content/uploads/sites/61/elementor/css/post-8188c.css]
[crowdytheme.com/wp/arolax/it-consultancy-agency/wp-json/wp/v2/pages/8.json]
[crowdytheme.com/wp/arolax/it-consultancy-agency/wp-json/oembed/1.0/embedb32b.json]
[crowdytheme.com/wp/arolax/it-consultancy-agency/wp-json/oembed/1.0/embed346f]
[crowdytheme.com/wp/arolax/it-consultancy-agency/service-style-1/index.html]
[crowdytheme.com/wp/arolax/it-consultancy-agency/wp-content/uploads/sites/61/elementor/css/post-6749f19.css]
[crowdytheme.com/wp/arolax/it-consultancy-agency/wp-json/wp/v2/pages/674.json]
[crowdytheme.com/wp/arolax/it-consultancy-agency/wp-json/oembed/1.0/embed424c.json]
[crowdytheme.com/wp/arolax/it-consultancy-agency/service-style-2/index.html]
[crowdytheme.com/wp/arolax/it-consultancy-agency/wp-json/oembed/1.0/embed27f2]
[crowdytheme.com/wp/arolax/it-consultancy-agency/wp-content/uploads/sites/61/elementor/css/post-1424ba71.css]
[crowdytheme.com/wp/arolax/it-consultancy-agency/wp-json/wp/v2/pages/1424.json]
[crowdytheme.com/wp/arolax/it-consultancy-agency/wp-json/oembed/1.0/embedda84.json]
[crowdytheme.com/wp/arolax/it-consultancy-agency/wp-json/oembed/1.0/embed70ca]
[crowdytheme.com/wp/arolax/it-consultancy-agency/service-style-3/index.html]
[crowdytheme.com/wp/arolax/it-consultancy-agency/wp-content/uploads/sites/61/2024/08/BeatriceTRIAL-Thin.ttf]
[crowdytheme.com/wp/arolax/it-consultancy-agency/wp-content/uploads/sites/61/2024/08/BeatriceTRIAL-Regular.otf]
[crowdytheme.com/wp/arolax/it-consultancy-agency/wp-content/uploads/sites/61/2024/08/BeatriceTRIAL-Semibold.otf]
[crowdytheme.com/wp/arolax/it-consultancy-agency/wp-content/uploads/sites/61/2024/08/BeatriceTRIAL-Bold.otf]
[crowdytheme.com/wp/arolax/it-consultancy-agency/wp-content/uploads/sites/61/elementor/css/post-1895eb4e.css]
[crowdytheme.com/wp/arolax/it-consultancy-agency/wp-json/wp/v2/pages/1895.json]
[crowdytheme.com/wp/arolax/it-consultancy-agency/wp-json/oembed/1.0/embed15b8.json]
[crowdytheme.com/wp/arolax/it-consultancy-agency/wp-json/oembed/1.0/embed91e0]
[crowdytheme.com/wp/arolax/it-consultancy-agency/service-style-4/index.html]
[crowdytheme.com/wp/arolax/it-consultancy-agency/wp-content/uploads/sites/61/elementor/css/post-2204eb4e.css]
[crowdytheme.com/wp/arolax/it-consultancy-agency/wp-json/wp/v2/pages/2204.json]
[crowdytheme.com/wp/arolax/it-consultancy-agency/wp-json/oembed/1.0/embed1d2c.json]
[crowdytheme.com/wp/arolax/it-consultancy-agency/wp-json/oembed/1.0/embed3944]
[crowdytheme.com/wp/arolax/it-consultancy-agency/service-style-5/index.html]
[crowdytheme.com/wp/arolax/it-consultancy-agency/wp-content/plugins/elementor/assets/lib/animations/animations.mind5d5.css]
[crowdytheme.com/wp/arolax/it-consultancy-agency/wp-content/uploads/sites/61/elementor/css/post-3068eb4e.css]
[crowdytheme.com/wp/arolax/it-consultancy-agency/wp-json/wp/v2/pages/3068.json]
[crowdytheme.com/wp/arolax/it-consultancy-agency/wp-json/oembed/1.0/embed5899.json]
[crowdytheme.com/wp/arolax/it-consultancy-agency/wp-json/oembed/1.0/embed9596]
[crowdytheme.com/wp/arolax/it-consultancy-agency/wp-content/uploads/sites/61/2024/04/service-img1.webp]
[crowdytheme.com/wp/arolax/it-consultancy-agency/wp-content/uploads/sites/61/2024/04/service-img2.webp]
[crowdytheme.com/wp/arolax/it-consultancy-agency/wp-content/uploads/sites/61/2024/04/service-img3.webp]
[crowdytheme.com/wp/arolax/it-consultancy-agency/wp-content/uploads/sites/61/2024/04/service-img4.webp]
[crowdytheme.com/wp/arolax/it-consultancy-agency/wp-content/uploads/sites/61/elementor/css/post-819314b6.css]
[crowdytheme.com/wp/arolax/it-consultancy-agency/wp-content/plugins/wcf-addons-pro/assets/css/widgets/advance-pricing-tableb6a4.css]
[crowdytheme.com/wp/arolax/it-consultancy-agency/wp-content/uploads/sites/61/elementor/css/post-819914b6.css]
[crowdytheme.com/wp/arolax/it-consultancy-agency/wp-content/plugins/wcf-addons-pro/assets/css/widgets/toggle-switchb6a4.css]
[crowdytheme.com/wp/arolax/it-consultancy-agency/service-style-6/index.html]
[crowdytheme.com/wp/arolax/it-consultancy-agency/wp-content/uploads/sites/61/elementor/css/post-537183bb.css]
[crowdytheme.com/wp/arolax/it-consultancy-agency/wp-json/wp/v2/pages/5371.json]
[crowdytheme.com/wp/arolax/it-consultancy-agency/wp-json/oembed/1.0/embed4e92.json]
[crowdytheme.com/wp/arolax/it-consultancy-agency/wp-json/oembed/1.0/embed13d5]
[crowdytheme.com/wp/arolax/it-consultancy-agency/wp-content/uploads/sites/61/2024/04/ServicesDetaislFeatures.webp]
[crowdytheme.com/wp/arolax/it-consultancy-agency/wp-content/uploads/sites/61/2024/04/service-right-faq.webp]
[crowdytheme.com/wp/arolax/it-consultancy-agency/service-details/index.html]
[crowdytheme.com/wp/arolax/it-consultancy-agency/wp-content/uploads/sites/61/elementor/css/post-7081b539.css]
[crowdytheme.com/wp/arolax/it-consultancy-agency/wp-json/wp/v2/pages/7081.json]
[crowdytheme.com/wp/arolax/it-consultancy-agency/wp-json/oembed/1.0/embedd997.json]
[crowdytheme.com/wp/arolax/it-consultancy-agency/pricing-style-01/index.html]
[crowdytheme.com/wp/arolax/it-consultancy-agency/wp-json/oembed/1.0/embed9713]
[crowdytheme.com/wp/arolax/it-consultancy-agency/wp-content/uploads/sites/61/elementor/css/post-74291880.css]
[crowdytheme.com/wp/arolax/it-consultancy-agency/wp-json/wp/v2/pages/7429.json]
[crowdytheme.com/wp/arolax/it-consultancy-agency/wp-json/oembed/1.0/embed8dd3.json]
[crowdytheme.com/wp/arolax/it-consultancy-agency/wp-json/oembed/1.0/embed4bbd]
[crowdytheme.com/wp/arolax/it-consultancy-agency/pricing-style-02/index.html]
[crowdytheme.com/wp/arolax/it-consultancy-agency/wp-content/uploads/sites/61/2024/04/blog-01.webp]
[crowdytheme.com/wp/arolax/it-consultancy-agency/wp-content/uploads/sites/61/2024/04/blog-02.webp]
[crowdytheme.com/wp/arolax/it-consultancy-agency/wp-content/uploads/sites/61/2024/04/blog-img3.webp]
[crowdytheme.com/wp/arolax/it-consultancy-agency/wp-content/uploads/sites/61/2024/04/blog-img4.webp]
[crowdytheme.com/wp/arolax/it-consultancy-agency/sitting-with-your-basic-goodness-top-signs-that-time-2/index.html]
[crowdytheme.com/wp/arolax/it-consultancy-agency/wp-content/uploads/sites/61/2024/04/blog-img5.webp]
[crowdytheme.com/wp/arolax/it-consultancy-agency/understanding-behavioral-biases-and-making-rational-way/index.html]
[crowdytheme.com/wp/arolax/it-consultancy-agency/wp-content/uploads/sites/61/2024/04/blog-img6.webp]
[crowdytheme.com/wp/arolax/it-consultancy-agency/sitting-with-your-basic-goodness-top-signs-that-time/index.html]
[crowdytheme.com/wp/arolax/it-consultancy-agency/blog-page/index.html]
[crowdytheme.com/wp/arolax/it-consultancy-agency/wp-content/uploads/sites/61/elementor/css/post-1170157b6.css]
[crowdytheme.com/wp/arolax/it-consultancy-agency/wp-content/uploads/sites/61/elementor/css/post-22029830.css]
[crowdytheme.com/wp/arolax/it-consultancy-agency/how-to-create-your-purpose-filled-career-comfortable-clothes-2/index.html]
[crowdytheme.com/wp/arolax/it-consultancy-agency/how-to-create-your-purpose-filled-career-comfortable/feed/index.html]
[crowdytheme.com/wp/arolax/it-consultancy-agency/blog-page/page/2/index.html]
[crowdytheme.com/wp/arolax/it-consultancy-agency/wp-json/wp/v2/posts/2202.json]
[crowdytheme.com/wp/arolax/it-consultancy-agency/wp-json/oembed/1.0/embedb408.json]
[crowdytheme.com/wp/arolax/it-consultancy-agency/wp-json/oembed/1.0/embed0345]
[crowdytheme.com/wp/arolax/it-consultancy-agency/wp-content/uploads/sites/61/2024/05/blog-details-img.webp]
[crowdytheme.com/wp/binox/inner-pages/wp-content/uploads/sites/2/2024/04/quote-1.png]
[crowdytheme.com/wp/arolax/it-consultancy-agency/wp-content/uploads/sites/61/2024/04/Blog_Details_02.webp]
[crowdytheme.com/wp/arolax/it-consultancy-agency/wp-content/uploads/sites/61/elementor/css/post-117054f24.css]
[crowdytheme.com/wp/arolax/it-consultancy-agency/author/admin/index.html]
[crowdytheme.com/wp/arolax/it-consultancy-agency/wp-content/plugins/animation-addons-for-elementor/assets/css/widgets/meta-infob6a4.css]
[crowdytheme.com/wp/arolax/it-consultancy-agency/wp-content/plugins/arolax-essential/assets/css/meta-infob6a4.css]
[crowdytheme.com/wp/arolax/it-consultancy-agency/wp-content/plugins/animation-addons-for-elementor/assets/js/goodshare.minb6a4.js]
[crowdytheme.com/wp/arolax/it-consultancy-agency/tag/business/index.html]
[crowdytheme.com/wp/arolax/it-consultancy-agency/tag/design/index.html]
[crowdytheme.com/wp/arolax/it-consultancy-agency/wp-includes/js/comment-reply.minb6a4.js]
[crowdytheme.com/wp/arolax/it-consultancy-agency/how-to-create-your-purpose-filled-career-comfortable/index.html]
[crowdytheme.com/wp/arolax/it-consultancy-agency/tag/develop/index.html]
[crowdytheme.com/wp/arolax/it-consultancy-agency/wp-content/uploads/sites/61/elementor/css/post-3404d914.css]
[crowdytheme.com/wp/arolax/it-consultancy-agency/tag/software/index.html]
[crowdytheme.com/wp/arolax/it-consultancy-agency/wp-json/wp/v2/pages/3404.json]
[crowdytheme.com/wp/arolax/it-consultancy-agency/wp-json/oembed/1.0/embedcdc1.json]
[crowdytheme.com/wp/arolax/it-consultancy-agency/binox-faq/index.html]
[crowdytheme.com/wp/arolax/it-consultancy-agency/wp-json/oembed/1.0/embed8838]
[crowdytheme.com/wp/arolax/it-consultancy-agency/wp-content/uploads/sites/61/elementor/css/post-6244b6de.css]
[crowdytheme.com/wp/arolax/it-consultancy-agency/wp-json/wp/v2/pages/6244.json]
[crowdytheme.com/wp/arolax/it-consultancy-agency/wp-json/oembed/1.0/embedbe04.json]
[crowdytheme.com/wp/arolax/it-consultancy-agency/wp-json/oembed/1.0/embed4667]
[crowdytheme.com/wp/arolax/it-consultancy-agency/wp-content/uploads/sites/61/2024/05/Logo.png]
[crowdytheme.com/wp/arolax/it-consultancy-agency/contact/index.html]
[crowdytheme.com/wp/arolax/it-consultancy-agency/wp-content/uploads/sites/61/elementor/css/post-11706bae2.css]
[crowdytheme.com/wp/arolax/it-consultancy-agency/wp-json/wp/v2/wcf-addons-template/11706.json]
[crowdytheme.com/wp/arolax/it-consultancy-agency/wp-json/oembed/1.0/embed2b27.json]
[crowdytheme.com/wp/arolax/it-consultancy-agency/wp-json/oembed/1.0/embed69fe]
[crowdytheme.com/wp/arolax/it-consultancy-agency/wp-content/uploads/sites/61/2024/04/binox_404Page.webp]
[crowdytheme.com/wp/arolax/it-consultancy-agency/wcf-template/404-page-template/index.html]
[crowdytheme.com/wp/arolax/it-consultancy-agency/wp-content/uploads/sites/61/2024/04/floatingImag.svg]
[crowdytheme.com/wp/arolax/it-consultancy-agency/wp-content/uploads/sites/61/2024/04/hero_icon.svg]
[crowdytheme.com/wp/arolax/it-consultancy-agency/wp-content/uploads/sites/61/elementor/css/custom-widget-icon-box.min588c.css]
[crowdytheme.com/wp/arolax/it-consultancy-agency/wp-content/uploads/sites/61/elementor/css/custom-widget-icon-list.min588c.css]
[crowdytheme.com/wp/arolax/it-consultancy-agency/wp-json/wp/v2/categories/2.json]
[crowdytheme.com/wp/arolax/it-consultancy-agency/wp-content/uploads/sites/61/elementor/css/post-1533611a3.css]
[crowdytheme.com/wp/arolax/it-consultancy-agency/category/business/index.html]
[crowdytheme.com/wp/arolax/it-consultancy-agency/category/business/feed/index.html]
[crowdytheme.com/wp/arolax/it-consultancy-agency/wp-content/uploads/sites/61/elementor/css/post-20792a7d.css]
[crowdytheme.com/wp/arolax/it-consultancy-agency/how-to-create-your-purpose-filled-career-comfortable-clothes-3/feed/index.html]
[crowdytheme.com/wp/arolax/it-consultancy-agency/category/business/page/2/index.html]
[crowdytheme.com/wp/arolax/it-consultancy-agency/wp-json/wp/v2/posts/2079.json]
[crowdytheme.com/wp/arolax/it-consultancy-agency/wp-json/oembed/1.0/embeda948.json]
[crowdytheme.com/wp/arolax/it-consultancy-agency/how-to-create-your-purpose-filled-career-comfortable-clothes-3/index.html]
[crowdytheme.com/wp/arolax/it-consultancy-agency/wp-content/uploads/sites/61/elementor/css/post-3080744c.css]
[crowdytheme.com/wp/arolax/it-consultancy-agency/wp-json/oembed/1.0/embedea2d]
[crowdytheme.com/wp/arolax/it-consultancy-agency/wp-content/plugins/animation-addons-for-elementor/assets/images/mask-btn.png]
[crowdytheme.com/wp/arolax/it-consultancy-agency/wp-content/plugins/animation-addons-for-elementor/assets/css/widgets/buttonb6a4.css]
[crowdytheme.com/wp/arolax/it-consultancy-agency/wp-content/plugins/animation-addons-for-elementor/assets/css/widgets/counterb6a4.css]
[crowdytheme.com/wp/arolax/it-consultancy-agency/wp-content/plugins/arolax-essential/assets/css/service-sliderb6a4.css]
[crowdytheme.com/wp/arolax/it-consultancy-agency/wp-content/plugins/animation-addons-for-elementor/assets/css/widgets/postsb6a4.css]
[crowdytheme.com/wp/arolax/it-consultancy-agency/wp-content/uploads/sites/61/elementor/css/post-3084588c.css]
[crowdytheme.com/wp/arolax/it-consultancy-agency/wp-content/plugins/extension-for-animation-addons/assets/css/widgets/mailchimpb6a4.css]
[crowdytheme.com/wp/arolax/it-consultancy-agency/wp-content/plugins/animation-addons-for-elementor/assets/css/widgets/social-iconsb6a4.css]
[crowdytheme.com/wp/arolax/it-consultancy-agency/wp-content/plugins/arolax-essential/assets/js/wcf--global-core.minb6a4.js]
[crowdytheme.com/wp/arolax/it-consultancy-agency/wp-content/plugins/animation-addons-for-elementor/assets/js/wcf-addonsb6a4.js]
[crowdytheme.com/wp/arolax/it-consultancy-agency/wp-content/plugins/extension-for-animation-addons/assets/lib/gsap.minb6a4.js]
[crowdytheme.com/wp/arolax/it-consultancy-agency/wp-content/plugins/extension-for-animation-addons/assets/lib/ScrollSmoother.minb6a4.js]
[crowdytheme.com/wp/arolax/it-consultancy-agency/wp-content/plugins/extension-for-animation-addons/assets/lib/ScrollToPlugin.minb6a4.js]
[crowdytheme.com/wp/arolax/it-consultancy-agency/wp-content/plugins/extension-for-animation-addons/assets/lib/ScrollTrigger.minb6a4.js]
[crowdytheme.com/wp/arolax/it-consultancy-agency/wp-content/plugins/extension-for-animation-addons/assets/lib/SplitText.minb6a4.js]
[crowdytheme.com/wp/arolax/it-consultancy-agency/wp-content/plugins/extension-for-animation-addons/assets/lib/jquery.magnific-popup.minb6a4.js]
[crowdytheme.com/wp/arolax/it-consultancy-agency/wp-content/plugins/extension-for-animation-addons/assets/lib/mixitup.minb6a4.js]
[crowdytheme.com/wp/arolax/it-consultancy-agency/wp-content/plugins/extension-for-animation-addons/assets/js/wcf-addons-exb6a4.js]
[crowdytheme.com/wp/arolax/it-consultancy-agency/.part]
[crowdytheme.com/wp/arolax/it-consultancy-agency/wp-content/plugins/wcf-addons-pro/assets/js/wcf-addons-prob6a4.js]
[crowdytheme.com/wp/arolax/it-consultancy-agency/wp-content/themes/arolax/assets/js/bootstrap.bundle.min77ae.js]
[crowdytheme.com/wp/arolax/it-consultancy-agency/wp-content/plugins/arolax-essential/assets/js/jquery.meanmenu.minb6a4.js]
[crowdytheme.com/wp/arolax/it-consultancy-agency/wp-content/themes/arolax/assets/js/script77ae.js]
[crowdytheme.com/wp/arolax/it-consultancy-agency/wp-content/plugins/animation-addons-for-elementor/assets/js/widgets/nav-menub6a4.js]
[crowdytheme.com/wp/arolax/it-consultancy-agency/wp-content/plugins/elementor/assets/lib/jquery-numerator/jquery-numerator.min3958.js]
[crowdytheme.com/wp/arolax/it-consultancy-agency/wp-content/plugins/animation-addons-for-elementor/assets/js/widgets/counterb6a4.js]
[crowdytheme.com/wp/arolax/it-consultancy-agency/wp-content/plugins/arolax-essential/assets/js/widgets/service-sliderb6a4.js]
[crowdytheme.com/wp/arolax/it-consultancy-agency/wp-content/plugins/extension-for-animation-addons/assets/js/mailchimpb6a4.js]
[crowdytheme.com/wp/arolax/it-consultancy-agency/wp-content/plugins/elementor/assets/js/webpack.runtime.mind5d5.js]
[crowdytheme.com/wp/arolax/it-consultancy-agency/wp-content/plugins/elementor/assets/js/frontend-modules.mind5d5.js]
[crowdytheme.com/wp/arolax/it-consultancy-agency/wp-content/plugins/elementor/assets/lib/waypoints/waypoints.min05da.js]
[crowdytheme.com/wp/arolax/it-consultancy-agency/wp-includes/js/jquery/ui/core.minb37e.js]
[crowdytheme.com/wp/arolax/it-consultancy-agency/-negative.svg]
[crowdytheme.com/wp/arolax/it-consultancy-agency/wp-content/plugins/elementor/assets/js/frontend.mind5d5.js]
[crowdytheme.com/wp/arolax/it-consultancy-agency/wp-content/themes/arolax/assets/imgs/writer/go-top.html]
[crowdytheme.com/wp/arolax/it-consultancy-agency/wp-content/themes/arolax/assets/fonts/icomoon37f3.svg]
[crowdytheme.com/wp/arolax/it-consultancy-agency/wp-content/uploads/sites/61/elementor/css/post-2434f055.css]
[crowdytheme.com/wp/arolax/it-consultancy-agency/index8639.html]
[crowdytheme.com/wp/arolax/it-consultancy-agency/wp-content/plugins/animation-addons-for-elementor/assets/css/widgets/testimonial2b6a4.css]
[crowdytheme.com/wp/arolax/it-consultancy-agency/wp-content/plugins/animation-addons-for-elementor/assets/css/widgets/brand-sliderb6a4.css]
[crowdytheme.com/wp/arolax/it-consultancy-agency/wp-content/plugins/animation-addons-for-elementor/assets/js/widgets/sliderb6a4.js]
[crowdytheme.com/wp/arolax/it-consultancy-agency/wp-content/uploads/sites/61/elementor/css/post-379556e1.css]
[crowdytheme.com/wp/arolax/it-consultancy-agency/indexa8e1.html]
[crowdytheme.com/wp/arolax/it-consultancy-agency/wp-content/plugins/animation-addons-for-elementor/assets/css/widgets/testimonialb6a4.css]
[crowdytheme.com/wp/arolax/it-consultancy-agency/wp-content/uploads/sites/61/elementor/css/post-256d618.css]
[crowdytheme.com/wp/arolax/it-consultancy-agency/index03bd.html]
[crowdytheme.com/wp/arolax/it-consultancy-agency/wp-content/uploads/sites/61/elementor/css/post-18068291.css]
[crowdytheme.com/wp/arolax/it-consultancy-agency/index8afa.html]
[crowdytheme.com/wp/arolax/it-consultancy-agency/wp-content/uploads/sites/61/elementor/css/post-25198e79.css]
[crowdytheme.com/wp/arolax/it-consultancy-agency/indexabd0.html]
[crowdytheme.com/wp/arolax/it-consultancy-agency/wp-content/plugins/contact-form-7/includes/css/stylese2db.css]
[crowdytheme.com/wp/arolax/it-consultancy-agency/wp-includes/js/dist/hooks.min2757.js]
[crowdytheme.com/wp/arolax/it-consultancy-agency/wp-includes/js/dist/i18n.minc33c.js]
[crowdytheme.com/wp/arolax/it-consultancy-agency/wp-content/plugins/contact-form-7/includes/swv/js/indexe2db.js]
[crowdytheme.com/wp/arolax/it-consultancy-agency/wp-content/plugins/contact-form-7/includes/js/indexe2db.js]
[crowdytheme.com/wp/arolax/it-consultancy-agency/wp-content/uploads/sites/61/elementor/css/post-5128c5e6.css]
[crowdytheme.com/wp/arolax/it-consultancy-agency/indexdad3.html]
[crowdytheme.com/wp/arolax/it-consultancy-agency/wp-includes/css/dist/block-library/style.minb6a4.css]
[crowdytheme.com/wp/arolax/it-consultancy-agency/OPR/index.html]
[crowdytheme.com/wp/arolax/it-consultancy-agency/wp-json/oembed/1.0/embed6ce6.json]
[crowdytheme.com/wp/arolax/it-consultancy-agency/wp-json/oembed/1.0/embed8393]
[crowdytheme.com/wp/arolax/it-consultancy-agency/Project/graphic-design/index.html]
[crowdytheme.com/wp/arolax/it-consultancy-agency/wp-content/uploads/sites/61/elementor/css/post-15327c7f4.css]
[crowdytheme.com/wp/arolax/it-consultancy-agency/wp-json/oembed/1.0/embedd423.json]
[crowdytheme.com/wp/arolax/it-consultancy-agency/wp-json/oembed/1.0/embed9f93]
[crowdytheme.com/wp/arolax/it-consultancy-agency/Project/market-research/index.html]
[crowdytheme.com/wp/arolax/it-consultancy-agency/wp-json/oembed/1.0/embed9643.json]
[crowdytheme.com/wp/arolax/it-consultancy-agency/Project/market-strategy/index.html]
[crowdytheme.com/wp/arolax/it-consultancy-agency/wp-json/oembed/1.0/embed17d5]
[crowdytheme.com/wp/arolax/it-consultancy-agency/wp-json/oembed/1.0/embed5a30.json]
[crowdytheme.com/wp/arolax/it-consultancy-agency/Project/employment/index.html]
[crowdytheme.com/wp/arolax/it-consultancy-agency/wp-json/oembed/1.0/embed5aaa]
[crowdytheme.com/wp/arolax/it-consultancy-agency/wp-json/oembed/1.0/embed9271.json]
[crowdytheme.com/wp/arolax/it-consultancy-agency/Project/leadership/index.html]
[crowdytheme.com/wp/arolax/it-consultancy-agency/wp-json/oembed/1.0/embede2a4]
[crowdytheme.com/wp/arolax/it-consultancy-agency/wp-json/oembed/1.0/embede4ec.json]
[crowdytheme.com/wp/arolax/it-consultancy-agency/wp-json/oembed/1.0/embed6de6]
[crowdytheme.com/wp/arolax/it-consultancy-agency/Project/strategy/index.html]
[crowdytheme.com/wp/arolax/it-consultancy-agency/our-project/page/2/index.html]
[crowdytheme.com/wp/arolax/it-consultancy-agency/wp-content/plugins/extension-for-animation-addons/assets/css/widgets/portfoliob6a4.css]
[crowdytheme.com/wp/arolax/it-consultancy-agency/wp-content/plugins/extension-for-animation-addons/assets/js/portfoliob6a4.js]
[crowdytheme.com/wp/arolax/it-consultancy-agency/wp-content/uploads/sites/61/elementor/css/post-3805ec1f.css]
[crowdytheme.com/wp/arolax/it-consultancy-agency/indexd775.html]
[crowdytheme.com/wp/arolax/it-consultancy-agency/wp-content/plugins/animation-addons-for-elementor/assets/css/widgets/icon-boxb6a4.css]
[crowdytheme.com/wp/arolax/it-consultancy-agency/wp-content/uploads/sites/61/elementor/css/post-8188c.css]
[crowdytheme.com/wp/arolax/it-consultancy-agency/index2df4.html]
[crowdytheme.com/wp/arolax/it-consultancy-agency/wp-content/uploads/sites/61/elementor/css/post-6749f19.css]
[crowdytheme.com/wp/arolax/it-consultancy-agency/index030b.html]
[crowdytheme.com/wp/arolax/it-consultancy-agency/wp-content/uploads/sites/61/elementor/css/post-1424ba71.css]
[crowdytheme.com/wp/arolax/it-consultancy-agency/index4e69.html]
[crowdytheme.com/wp/arolax/it-consultancy-agency/wp-content/uploads/sites/61/elementor/css/post-1895eb4e.css]
[crowdytheme.com/wp/arolax/it-consultancy-agency/index785a.html]
[crowdytheme.com/wp/arolax/it-consultancy-agency/wp-content/uploads/sites/61/elementor/css/post-2204eb4e.css]
[crowdytheme.com/wp/arolax/it-consultancy-agency/indexea2e.html]
[crowdytheme.com/wp/arolax/it-consultancy-agency/wp-content/plugins/elementor/assets/lib/animations/animations.mind5d5.css]
[crowdytheme.com/wp/arolax/it-consultancy-agency/wp-content/uploads/sites/61/elementor/css/post-3068eb4e.css]
[crowdytheme.com/wp/arolax/it-consultancy-agency/indexfdf0.html]
[crowdytheme.com/wp/arolax/it-consultancy-agency/wp-content/uploads/sites/61/elementor/css/post-819314b6.css]
[crowdytheme.com/wp/arolax/it-consultancy-agency/wp-content/plugins/wcf-addons-pro/assets/css/widgets/advance-pricing-tableb6a4.css]
[crowdytheme.com/wp/arolax/it-consultancy-agency/wp-content/uploads/sites/61/elementor/css/post-819914b6.css]
[crowdytheme.com/wp/arolax/it-consultancy-agency/wp-content/plugins/wcf-addons-pro/assets/css/widgets/toggle-switchb6a4.css]
[crowdytheme.com/wp/arolax/it-consultancy-agency/wp-content/uploads/sites/61/elementor/css/post-537183bb.css]
[crowdytheme.com/wp/arolax/it-consultancy-agency/index6798.html]
[crowdytheme.com/wp/arolax/it-consultancy-agency/wp-content/uploads/sites/61/elementor/css/post-7081b539.css]
[crowdytheme.com/wp/arolax/it-consultancy-agency/index56d1.html]
[crowdytheme.com/wp/arolax/it-consultancy-agency/wp-content/uploads/sites/61/elementor/css/post-74291880.css]
[crowdytheme.com/wp/arolax/it-consultancy-agency/indexe659.html]
[crowdytheme.com/wp/arolax/it-consultancy-agency/wp-content/uploads/sites/61/elementor/css/post-20731f08.css]
[crowdytheme.com/wp/arolax/it-consultancy-agency/sitting-with-your-basic-goodness-top-signs-that-time-2/feed/index.html]
[crowdytheme.com/wp/arolax/it-consultancy-agency/wp-json/wp/v2/posts/2073.json]
[crowdytheme.com/wp/arolax/it-consultancy-agency/Project/museum/index.html]
[crowdytheme.com/wp/arolax/it-consultancy-agency/wp-json/oembed/1.0/embed1208.json]
[crowdytheme.com/wp/arolax/it-consultancy-agency/wp-json/oembed/1.0/embed2188]
[crowdytheme.com/wp/arolax/it-consultancy-agency/sitting-with-your-basic-goodness-top-signs-that-time-2/index.html]
[crowdytheme.com/wp/arolax/it-consultancy-agency/wp-content/uploads/sites/61/elementor/css/post-2067584b.css]
[crowdytheme.com/wp/arolax/it-consultancy-agency/understanding-behavioral-biases-and-making-rational-way/feed/index.html]
[crowdytheme.com/wp/arolax/it-consultancy-agency/wp-json/wp/v2/posts/2067.json]
[crowdytheme.com/wp/arolax/it-consultancy-agency/wp-json/oembed/1.0/embed2852.json]
[crowdytheme.com/wp/arolax/it-consultancy-agency/understanding-behavioral-biases-and-making-rational-way/index.html]
[crowdytheme.com/wp/arolax/it-consultancy-agency/wp-json/oembed/1.0/embedd287]
[crowdytheme.com/wp/arolax/it-consultancy-agency/wp-content/uploads/sites/61/elementor/css/post-20551c75.css]
[crowdytheme.com/wp/arolax/it-consultancy-agency/sitting-with-your-basic-goodness-top-signs-that-time/feed/index.html]
[crowdytheme.com/wp/arolax/it-consultancy-agency/wp-json/wp/v2/posts/2055.json]
[crowdytheme.com/wp/arolax/it-consultancy-agency/wp-json/oembed/1.0/embedb222.json]
[crowdytheme.com/wp/arolax/it-consultancy-agency/sitting-with-your-basic-goodness-top-signs-that-time/index.html]
[crowdytheme.com/wp/arolax/it-consultancy-agency/wp-json/oembed/1.0/embed166e]
[crowdytheme.com/wp/arolax/it-consultancy-agency/wp-content/uploads/sites/61/elementor/css/post-2052584b.css]
[crowdytheme.com/wp/arolax/it-consultancy-agency/how-to-create-your-purpose-filled-career-comfortable-clothes-2/feed/index.html]
[crowdytheme.com/wp/arolax/it-consultancy-agency/wp-json/wp/v2/posts/2052.json]
[crowdytheme.com/wp/arolax/it-consultancy-agency/wp-json/oembed/1.0/embed4d10.json]
[crowdytheme.com/wp/arolax/it-consultancy-agency/wp-json/oembed/1.0/embed570d]
[crowdytheme.com/wp/arolax/it-consultancy-agency/how-to-create-your-purpose-filled-career-comfortable-clothes-2/index.html]
[crowdytheme.com/wp/arolax/it-consultancy-agency/blog-page/page/2/index.html]
[crowdytheme.com/wp/arolax/it-consultancy-agency/wp-content/uploads/sites/61/elementor/css/post-1170157b6.css]
[crowdytheme.com/wp/arolax/it-consultancy-agency/wp-content/uploads/sites/61/elementor/css/post-22029830.css]
[crowdytheme.com/wp/arolax/it-consultancy-agency/index476b.html]
[crowdytheme.com/wp/arolax/it-consultancy-agency/wp-json/wp/v2/users/1.json]
[crowdytheme.com/wp/arolax/it-consultancy-agency/author/admin/index.html]
[crowdytheme.com/wp/binox/inner-pages/wp-content/uploads/sites/2/2024/04/quote-1.html]
[crowdytheme.com/wp/arolax/it-consultancy-agency/how-to-create-your-purpose-filled-career-comfortable-clothes/index.html]
[crowdytheme.com/wp/arolax/it-consultancy-agency/author/admin/feed/index.html]
[crowdytheme.com/wp/arolax/it-consultancy-agency/tag/business/feed/index.html]
[crowdytheme.com/wp/arolax/it-consultancy-agency/author/admin/page/2/index.html]
[crowdytheme.com/wp/arolax/it-consultancy-agency/wp-json/wp/v2/tags/3.json]
[crowdytheme.com/wp/arolax/it-consultancy-agency/tag/business/index.html]
[crowdytheme.com/wp/arolax/it-consultancy-agency/wp-json/wp/v2/tags/4.json]
[crowdytheme.com/wp/arolax/it-consultancy-agency/tag/design/index.html]
[crowdytheme.com/wp/arolax/it-consultancy-agency/tag/design/feed/index.html]
[crowdytheme.com/wp/arolax/it-consultancy-agency/tag/business/page/2/index.html]
[crowdytheme.com/wp/arolax/it-consultancy-agency/wp-json/wp/v2/tags/5.json]
[crowdytheme.com/wp/arolax/it-consultancy-agency/tag/develop/index.html]
[crowdytheme.com/wp/arolax/it-consultancy-agency/tag/develop/feed/index.html]
[crowdytheme.com/wp/arolax/it-consultancy-agency/tag/design/page/2/index.html]
[crowdytheme.com/wp/arolax/it-consultancy-agency/wp-json/wp/v2/tags/6.json]
[crowdytheme.com/wp/arolax/it-consultancy-agency/tag/software/index.html]
[crowdytheme.com/wp/arolax/it-consultancy-agency/wp-content/uploads/sites/61/elementor/css/post-117054f24.css]
[crowdytheme.com/wp/arolax/it-consultancy-agency/wp-content/plugins/animation-addons-for-elementor/assets/css/widgets/meta-infob6a4.css]
[crowdytheme.com/wp/arolax/it-consultancy-agency/wp-content/plugins/arolax-essential/assets/css/meta-infob6a4.css]
[crowdytheme.com/wp/arolax/it-consultancy-agency/wp-content/plugins/animation-addons-for-elementor/assets/js/goodshare.minb6a4.js]
[crowdytheme.com/wp/arolax/it-consultancy-agency/wp-includes/js/comment-reply.minb6a4.js]
[crowdytheme.com/wp/arolax/it-consultancy-agency/wp-content/uploads/sites/61/elementor/css/post-3404d914.css]
[crowdytheme.com/wp/arolax/it-consultancy-agency/indexf3ac.html]
[crowdytheme.com/wp/arolax/it-consultancy-agency/wp-content/uploads/sites/61/elementor/css/post-6244b6de.css]
[crowdytheme.com/wp/arolax/it-consultancy-agency/indexffce.html]
[crowdytheme.com/wp/arolax/it-consultancy-agency/wp-content/uploads/sites/61/elementor/css/post-11706bae2.css]
[crowdytheme.com/wp/arolax/it-consultancy-agency/indexafe0.html]
[crowdytheme.com/wp/arolax/it-consultancy-agency/category/business/page/2/index.html]
[crowdytheme.com/wp/arolax/it-consultancy-agency/wp-content/uploads/sites/61/elementor/css/post-1533611a3.css]
[crowdytheme.com/wp/arolax/it-consultancy-agency/wp-content/uploads/sites/61/elementor/css/post-20792a7d.css]
[crowdytheme.com/wp/arolax/it-consultancy-agency/index4af2.html]
[crowdytheme.com/wp/arolax/it-consultancy-agency/.html]
[crowdytheme.com/wp/arolax/it-consultancy-agency/-negative.html]
[crowdytheme.com/wp/arolax/it-consultancy-agency/OPR/index.html]
[crowdytheme.com/wp/arolax/it-consultancy-agency/wp-includes/css/dist/block-library/style.minb6a4.css]
[crowdytheme.com/wp/arolax/it-consultancy-agency/indexd604.html]
[crowdytheme.com/wp/arolax/it-consultancy-agency/wp-content/uploads/sites/61/elementor/css/post-15327c7f4.css]
[crowdytheme.com/wp/arolax/it-consultancy-agency/indexd988.html]
[crowdytheme.com/wp/arolax/it-consultancy-agency/indexfc20.html]
[crowdytheme.com/wp/arolax/it-consultancy-agency/indexf126.html]
[crowdytheme.com/wp/arolax/it-consultancy-agency/indexe18a.html]
[crowdytheme.com/wp/arolax/it-consultancy-agency/index13a6.html]
[crowdytheme.com/wp/arolax/it-consultancy-agency/tag/develop/page/2/index.html]
[crowdytheme.com/wp/arolax/it-consultancy-agency/tag/software/feed/index.html]
[crowdytheme.com/wp/arolax/it-consultancy-agency/wp-json/oembed/1.0/embedad39.json]
[crowdytheme.com/wp/arolax/it-consultancy-agency/tag/software/page/2/index.html]
[crowdytheme.com/wp/arolax/it-consultancy-agency/Project/museum/index.html]
[crowdytheme.com/wp/arolax/it-consultancy-agency/wp-json/oembed/1.0/embed0291]
[crowdytheme.com/wp/arolax/it-consultancy-agency/wp-content/uploads/sites/61/elementor/css/post-20731f08.css]
[crowdytheme.com/wp/arolax/it-consultancy-agency/indexd85d.html]
[crowdytheme.com/wp/arolax/it-consultancy-agency/wp-content/uploads/sites/61/elementor/css/post-2067584b.css]
[crowdytheme.com/wp/arolax/it-consultancy-agency/indexad2c.html]
[crowdytheme.com/wp/arolax/it-consultancy-agency/wp-content/uploads/sites/61/elementor/css/post-20551c75.css]
[crowdytheme.com/wp/arolax/it-consultancy-agency/indexc63f.html]
[crowdytheme.com/wp/arolax/it-consultancy-agency/wp-content/uploads/sites/61/elementor/css/post-2052584b.css]
[crowdytheme.com/wp/arolax/it-consultancy-agency/index0180.html]
[crowdytheme.com/wp/arolax/it-consultancy-agency/wp-content/uploads/sites/61/elementor/css/post-20491720.css]
[crowdytheme.com/wp/arolax/it-consultancy-agency/how-to-create-your-purpose-filled-career-comfortable-clothes/feed/index.html]
[crowdytheme.com/wp/arolax/it-consultancy-agency/wp-json/wp/v2/posts/2049.json]
[crowdytheme.com/wp/arolax/it-consultancy-agency/wp-json/oembed/1.0/embed37ad.json]
[crowdytheme.com/wp/arolax/it-consultancy-agency/wp-json/oembed/1.0/embed985a]
[crowdytheme.com/wp/arolax/it-consultancy-agency/how-to-create-your-purpose-filled-career-comfortable-clothes/index.html]
[crowdytheme.com/wp/arolax/it-consultancy-agency/author/admin/page/2/index.html]
[crowdytheme.com/wp/arolax/it-consultancy-agency/tag/business/page/2/index.html]
[crowdytheme.com/wp/arolax/it-consultancy-agency/tag/design/page/2/index.html]
[crowdytheme.com/wp/arolax/it-consultancy-agency/tag/develop/page/2/index.html]
[crowdytheme.com/wp/arolax/it-consultancy-agency/tag/software/page/2/index.html]
[crowdytheme.com/wp/arolax/it-consultancy-agency/indexac1e.html]
[crowdytheme.com/wp/arolax/it-consultancy-agency/wp-content/uploads/sites/61/elementor/css/post-20491720.css]
[crowdytheme.com/wp/arolax/it-consultancy-agency/indexa9a7.html]
